###########
#   do1   #
###########
mtest> mtreset 590

mtest> mtnew 3

mtest> mtp
=========================================
=              Memory Manager           =
=========================================
* Block size            : 592 Bytes
* Number of blocks      : 1
* Free mem in last block: 328
* Recycle list          : 

=========================================
=             class MemTest             =
=========================================
Object list ---
ooo
Array list ---


mtest> mtdel -r 3

mtest> mtp
=========================================
=              Memory Manager           =
=========================================
* Block size            : 592 Bytes
* Number of blocks      : 1
* Free mem in last block: 328
* Recycle list          : 
[  0] = 2         
=========================================
=             class MemTest             =
=========================================
Object list ---
xxo
Array list ---


mtest> mtnew 5 -a 3

mtest> mtp
=========================================
=              Memory Manager           =
=========================================
* Block size            : 592 Bytes
* Number of blocks      : 3
* Free mem in last block: 64
* Recycle list          : 
[  0] = 2         
=========================================
=             class MemTest             =
=========================================
Object list ---
xxo
Array list ---
ooooo

mtest> mtdel -r 2 -a

mtest> mtp
=========================================
=              Memory Manager           =
=========================================
* Block size            : 592 Bytes
* Number of blocks      : 3
* Free mem in last block: 64
* Recycle list          : 
[  0] = 2         [  3] = 2         
=========================================
=             class MemTest             =
=========================================
Object list ---
xxo
Array list ---
xxooo

mtest> mtnew -a 2 3

mtest> mtp
=========================================
=              Memory Manager           =
=========================================
* Block size            : 592 Bytes
* Number of blocks      : 4
* Free mem in last block: 64
* Recycle list          : 
[  0] = 2         [  3] = 2         
=========================================
=             class MemTest             =
=========================================
Object list ---
xxo
Array list ---
xxoooooo

mtest> mtnew -a 5 3

mtest> mtp
=========================================
=              Memory Manager           =
=========================================
* Block size            : 592 Bytes
* Number of blocks      : 7
* Free mem in last block: 160
* Recycle list          : 
[  0] = 2         [  1] = 2         [  3] = 2         
=========================================
=             class MemTest             =
=========================================
Object list ---
xxo
Array list ---
xxooooooooo

mtest> mtnew -a 7 2
Requested memory (600) is greater than block size(592). Exception raised...

mtest> mtp
=========================================
=              Memory Manager           =
=========================================
* Block size            : 592 Bytes
* Number of blocks      : 7
* Free mem in last block: 160
* Recycle list          : 
[  0] = 2         [  1] = 2         [  3] = 2         
=========================================
=             class MemTest             =
=========================================
Object list ---
xxo
Array list ---
xxooooooooo

mtest> mtdel -r 8 -a

mtest> mtp
=========================================
=              Memory Manager           =
=========================================
* Block size            : 592 Bytes
* Number of blocks      : 7
* Free mem in last block: 160
* Recycle list          : 
[  0] = 2         [  1] = 2         [  2] = 3         [  3] = 3         
[  5] = 2         
=========================================
=             class MemTest             =
=========================================
Object list ---
xxo
Array list ---
xxoxoxxxoxx

mtest> mtdel -r 9 -a

mtest> mtp
=========================================
=              Memory Manager           =
=========================================
* Block size            : 592 Bytes
* Number of blocks      : 7
* Free mem in last block: 160
* Recycle list          : 
[  0] = 2         [  1] = 2         [  2] = 3         [  3] = 4         
[  5] = 3         
=========================================
=             class MemTest             =
=========================================
Object list ---
xxo
Array list ---
xxxxoxxxxxx

mtest> mtdel -i 8 -a

mtest> mtp
=========================================
=              Memory Manager           =
=========================================
* Block size            : 592 Bytes
* Number of blocks      : 7
* Free mem in last block: 160
* Recycle list          : 
[  0] = 2         [  1] = 2         [  2] = 3         [  3] = 4         
[  5] = 3         
=========================================
=             class MemTest             =
=========================================
Object list ---
xxo
Array list ---
xxxxoxxxxxx

mtest> mtdel -i 12 -a
Size of array list (11) is <= 12!!
Error: Illegal option!! (12)

mtest> mtp
=========================================
=              Memory Manager           =
=========================================
* Block size            : 592 Bytes
* Number of blocks      : 7
* Free mem in last block: 160
* Recycle list          : 
[  0] = 2         [  1] = 2         [  2] = 3         [  3] = 4         
[  5] = 3         
=========================================
=             class MemTest             =
=========================================
Object list ---
xxo
Array list ---
xxxxoxxxxxx

mtest> q -f



###########
#   do2   #
###########
mtest> mtn 10

mtest> mtn 5 -a 256

mtest> mtn 5 -a 512

mtest> mtd -i 7 -a

mtest> mtd -i 0 -a

mtest> mtp
=========================================
=              Memory Manager           =
=========================================
* Block size            : 65536 Bytes
* Number of blocks      : 7
* Free mem in last block: 22520
* Recycle list          : 
[256] = 1         [512] = 1         [  1] = 1         [267] = 1         
[268] = 4         
=========================================
=             class MemTest             =
=========================================
Object list ---
oooooooooo
Array list ---
xooooooxoo

mtest> mtd -r 3

mtest> mtp
=========================================
=              Memory Manager           =
=========================================
* Block size            : 65536 Bytes
* Number of blocks      : 7
* Free mem in last block: 22520
* Recycle list          : 
[  0] = 3         [256] = 1         [512] = 1         [  1] = 1         
[267] = 1         [268] = 4         
=========================================
=             class MemTest             =
=========================================
Object list ---
xoxooxoooo
Array list ---
xooooooxoo

mtest> q -f



###########
#   do3   #
###########
mtest> mtr 400

mtest> mtp
=========================================
=              Memory Manager           =
=========================================
* Block size            : 400 Bytes
* Number of blocks      : 1
* Free mem in last block: 400
* Recycle list          : 

=========================================
=             class MemTest             =
=========================================
Object list ---

Array list ---


mtest> mtn -a 2 1

mtest> mtp
=========================================
=              Memory Manager           =
=========================================
* Block size            : 400 Bytes
* Number of blocks      : 1
* Free mem in last block: 224
* Recycle list          : 

=========================================
=             class MemTest             =
=========================================
Object list ---

Array list ---
o

mtest> mtn 1

mtest> mtp
=========================================
=              Memory Manager           =
=========================================
* Block size            : 400 Bytes
* Number of blocks      : 1
* Free mem in last block: 136
* Recycle list          : 

=========================================
=             class MemTest             =
=========================================
Object list ---
o
Array list ---
o

mtest> mtn -a 2 1

mtest> mtp
=========================================
=              Memory Manager           =
=========================================
* Block size            : 400 Bytes
* Number of blocks      : 2
* Free mem in last block: 224
* Recycle list          : 
[  1] = 1         
=========================================
=             class MemTest             =
=========================================
Object list ---
o
Array list ---
oo

mtest> mtn -a 1 1

mtest> mtp
=========================================
=              Memory Manager           =
=========================================
* Block size            : 400 Bytes
* Number of blocks      : 2
* Free mem in last block: 224
* Recycle list          : 

=========================================
=             class MemTest             =
=========================================
Object list ---
o
Array list ---
ooo

mtest> 
mtest> mtr 300

mtest> mtp
=========================================
=              Memory Manager           =
=========================================
* Block size            : 304 Bytes
* Number of blocks      : 1
* Free mem in last block: 304
* Recycle list          : 

=========================================
=             class MemTest             =
=========================================
Object list ---

Array list ---


mtest> mtn -a 2 1

mtest> mtp
=========================================
=              Memory Manager           =
=========================================
* Block size            : 304 Bytes
* Number of blocks      : 1
* Free mem in last block: 128
* Recycle list          : 

=========================================
=             class MemTest             =
=========================================
Object list ---

Array list ---
o

mtest> mtn 1

mtest> mtp
=========================================
=              Memory Manager           =
=========================================
* Block size            : 304 Bytes
* Number of blocks      : 1
* Free mem in last block: 40
* Recycle list          : 

=========================================
=             class MemTest             =
=========================================
Object list ---
o
Array list ---
o

mtest> mtn -a 2 1

mtest> mtp
=========================================
=              Memory Manager           =
=========================================
* Block size            : 304 Bytes
* Number of blocks      : 2
* Free mem in last block: 128
* Recycle list          : 

=========================================
=             class MemTest             =
=========================================
Object list ---
o
Array list ---
oo

mtest> mtn -a 1 1

mtest> mtp
=========================================
=              Memory Manager           =
=========================================
* Block size            : 304 Bytes
* Number of blocks      : 2
* Free mem in last block: 32
* Recycle list          : 

=========================================
=             class MemTest             =
=========================================
Object list ---
o
Array list ---
ooo

mtest> 
mtest> q -f



###########
#   do4   #
###########
mtest> mtr 0
Illegal block size (0)!!
Error: Illegal option!! (0)

mtest> mtr 79
Illegal block size (79)!!
Error: Illegal option!! (79)

mtest> mtr 88

mtest> mtn 1

mtest> mtn 1 -a 1
Requested memory (96) is greater than block size(88). Exception raised...

mtest> mtn 1 -a 0
Error: Illegal option!! (0)

mtest> mtp
=========================================
=              Memory Manager           =
=========================================
* Block size            : 88 Bytes
* Number of blocks      : 1
* Free mem in last block: 0
* Recycle list          : 

=========================================
=             class MemTest             =
=========================================
Object list ---
o
Array list ---


mtest> MTD
Error: Missing option!!

mtest> mtd -a
Error: Missing option!!

mtest> mtd -r 4

mtest> help mtn
Usage: MTNew <(size_t numObjects)> [-Array (size_t arraySize)]

mtest> mtn 5

mtest> mtr 500

mtest> mtn 5

mtest> mtd -a -Ran 3
Size of array list is 0!!
Error: Illegal option!! (-Ran)

mtest> mtd -r -3
Error: Illegal option!! (-3)

mtest> mtd -r 3

mtest> mtp
=========================================
=              Memory Manager           =
=========================================
* Block size            : 504 Bytes
* Number of blocks      : 1
* Free mem in last block: 64
* Recycle list          : 
[  0] = 2         
=========================================
=             class MemTest             =
=========================================
Object list ---
oxoox
Array list ---


mtest> mtn 123

mtest> mtp
=========================================
=              Memory Manager           =
=========================================
* Block size            : 504 Bytes
* Number of blocks      : 26
* Free mem in last block: 416
* Recycle list          : 

=========================================
=             class MemTest             =
=========================================
Object list ---
oxooxooooooooooooooooooooooooooooooooooooooooooooo
oooooooooooooooooooooooooooooooooooooooooooooooooo
oooooooooooooooooooooooooooo
Array list ---


mtest> mtd -r -r 23
Error: Illegal option!! (-r)

mtest> mtd -r 23 -r
Error: Extra option!! (-r)

mtest> mtd -r 23

mtest> mtp
=========================================
=              Memory Manager           =
=========================================
* Block size            : 504 Bytes
* Number of blocks      : 26
* Free mem in last block: 416
* Recycle list          : 
[  0] = 20        
=========================================
=             class MemTest             =
=========================================
Object list ---
oxooxoooxxooooooooooxoooxooooooooooooxoooooxxoxooo
oooooooooxoxooooooooooooooooxoooxoooooooooooooooox
ooooooxxoxooxoxoooooooooxxoo
Array list ---


mtest> mtd -r 23 -i 5 -a
Error: Extra option!! (-i)

mtest> mtn 123 -a 999
Requested memory (83928) is greater than block size(504). Exception raised...

mtest> mtn 123 -a 0
Error: Illegal option!! (0)

mtest> mtn 123 -a 10
Requested memory (848) is greater than block size(504). Exception raised...

mtest> mtd -ARR -i 54
Size of array list (0) is <= 54!!
Error: Illegal option!! (54)

mtest> mtp
=========================================
=              Memory Manager           =
=========================================
* Block size            : 504 Bytes
* Number of blocks      : 26
* Free mem in last block: 416
* Recycle list          : 
[  0] = 20        
=========================================
=             class MemTest             =
=========================================
Object list ---
oxooxoooxxooooooooooxoooxooooooooooooxoooooxxoxooo
oooooooooxoxooooooooooooooooxoooxoooooooooooooooox
ooooooxxoxooxoxoooooooooxxoo
Array list ---


mtest> mtd -a -r 100
Size of array list is 0!!
Error: Illegal option!! (-r)

mtest> mtp
=========================================
=              Memory Manager           =
=========================================
* Block size            : 504 Bytes
* Number of blocks      : 26
* Free mem in last block: 416
* Recycle list          : 
[  0] = 20        
=========================================
=             class MemTest             =
=========================================
Object list ---
oxooxoooxxooooooooooxoooxooooooooooooxoooooxxoxooo
oooooooooxoxooooooooooooooooxoooxoooooooooooooooox
ooooooxxoxooxoxoooooooooxxoo
Array list ---


mtest> mtn 60 -a 11
Requested memory (936) is greater than block size(504). Exception raised...

mtest> mtn 60 -a 10
Requested memory (848) is greater than block size(504). Exception raised...

mtest> mtr

mtest> mtn 123 -a 10
Requested memory (848) is greater than block size(504). Exception raised...

mtest> mtd -ARR -i 54
Size of array list (0) is <= 54!!
Error: Illegal option!! (54)

mtest> mtd -a -r 100
Size of array list is 0!!
Error: Illegal option!! (-r)

mtest> mtp
=========================================
=              Memory Manager           =
=========================================
* Block size            : 504 Bytes
* Number of blocks      : 1
* Free mem in last block: 504
* Recycle list          : 

=========================================
=             class MemTest             =
=========================================
Object list ---

Array list ---


mtest> mtn 60 -a 10
Requested memory (848) is greater than block size(504). Exception raised...

mtest> mtn 60 -a 10 -i 3
Error: Extra option!! (-i)

mtest> mtn -a 10 60
Requested memory (848) is greater than block size(504). Exception raised...

mtest> mtp
=========================================
=              Memory Manager           =
=========================================
* Block size            : 504 Bytes
* Number of blocks      : 1
* Free mem in last block: 504
* Recycle list          : 

=========================================
=             class MemTest             =
=========================================
Object list ---

Array list ---


mtest> mtr 1234

mtest> mtr -123
Illegal block size (-123)!!
Error: Illegal option!! (-123)

mtest> mtr 100000

mtest> mtn 60 -a 10

mtest> mtn 30 -a 5130
Requested memory (430928) is greater than block size(100000). Exception raised...

mtest> mtn 80 -a 2058
Requested memory (172880) is greater than block size(100000). Exception raised...

mtest> mtp
=========================================
=              Memory Manager           =
=========================================
* Block size            : 100000 Bytes
* Number of blocks      : 1
* Free mem in last block: 49120
* Recycle list          : 

=========================================
=             class MemTest             =
=========================================
Object list ---

Array list ---
oooooooooooooooooooooooooooooooooooooooooooooooooo
oooooooooo

mtest> mtn -r 20 -a
Error: Illegal option!! (-r)

mtest> mtn -r 50 -a
Error: Illegal option!! (-r)

mtest> mtn 60 -a 10

mtest> mtp
=========================================
=              Memory Manager           =
=========================================
* Block size            : 100000 Bytes
* Number of blocks      : 2
* Free mem in last block: 97456
* Recycle list          : 
[  9] = 1         
=========================================
=             class MemTest             =
=========================================
Object list ---

Array list ---
oooooooooooooooooooooooooooooooooooooooooooooooooo
oooooooooooooooooooooooooooooooooooooooooooooooooo
oooooooooooooooooooo

mtest> mtn 30 -a 4878
Requested memory (409760) is greater than block size(100000). Exception raised...

mtest> mtn 80 -a 2058
Requested memory (172880) is greater than block size(100000). Exception raised...

mtest> mtn 1 -a 266

mtest> mtn 60 -a 11

mtest> mtp
=========================================
=              Memory Manager           =
=========================================
* Block size            : 100000 Bytes
* Number of blocks      : 2
* Free mem in last block: 18944
* Recycle list          : 
[  9] = 1         
=========================================
=             class MemTest             =
=========================================
Object list ---

Array list ---
oooooooooooooooooooooooooooooooooooooooooooooooooo
oooooooooooooooooooooooooooooooooooooooooooooooooo
oooooooooooooooooooooooooooooooooooooooooooooooooo
ooooooooooooooooooooooooooooooo

mtest> mtn 30 -a 4879
Requested memory (409848) is greater than block size(100000). Exception raised...

mtest> mtn 80 -a 2059
Requested memory (172968) is greater than block size(100000). Exception raised...

mtest> mtn 10 -a 10

mtest> mtn 32 -a 266

mtest> mtn 54 -a 522

mtest> mtn 76 -a 778

mtest> mtn 98 -a 1034

mtest> mtn 200 -a 3476
Requested memory (291992) is greater than block size(100000). Exception raised...

mtest> mtd -r 3000 -a

mtest> mtn 218 -a 2324
Requested memory (195224) is greater than block size(100000). Exception raised...

mtest> mtn 170 -a 404

mtest> mtn 64 -a 532

mtest> mtn 192 -a 660

mtest> mtn 2 -a 1172

mtest> mtn 130 -a 1300
Requested memory (109208) is greater than block size(100000). Exception raised...

mtest> mtn 24 -a 1428
Requested memory (119960) is greater than block size(100000). Exception raised...

mtest> mtd -r 300 -a

mtest> mtn 86 -a 788

mtest> mtn 214 -a 916

mtest> mtn 108 -a 1044

mtest> mtn -r 1000
Error: Illegal option!! (-r)

mtest> mtn -r 1000 -a
Error: Illegal option!! (-r)

mtest> mtn 623 -a 256

mtest> mtn 623 -a 1024

mtest> mtn 24 -a 1428
Requested memory (119960) is greater than block size(100000). Exception raised...

mtest> mtn 30 -a 3 

mtest> mtn 30 -a 3

mtest> mtn 123

mtest> mtd 55 -r
Error: Illegal option!! (55)

mtest> mtn 20000

mtest> mtd -i 0

mtest> mtd -i 20000

mtest> mtd -i 0

mtest> mtd -a -r 1234

mtest> mtd -r 12345

mtest> mtn 1234

mtest> mtp
=========================================
=              Memory Manager           =
=========================================
* Block size            : 100000 Bytes
* Number of blocks      : 1727
* Free mem in last block: 26520
* Recycle list          : 
[  0] = 7994      [256] = 228       [1024] = 244       [  2] = 1         
[  3] = 23        [  9] = 1         [ 10] = 130       [266] = 33        
[522] = 54        [778] = 76        [1034] = 97        [ 11] = 60        
[ 18] = 2         [530] = 192       [274] = 214       [532] = 38        
[788] = 30        [1044] = 43        [124] = 1         [126] = 40        
[382] = 85        [146] = 135       [402] = 86        [404] = 101       
[660] = 106       [1172] = 1         [916] = 83        [156] = 98        
[412] = 76        [166] = 777       [422] = 1         
=========================================
=             class MemTest             =
=========================================
Object list ---
xooxoooooxoxxoxooooxxooxoxxoooxoxoxoooxxxxoxoxooxx
oxoxoxoxoxoxooxoxoxoxxoxoooxxoxxoxxxoooxooxxooooxo
ooxxoxoxxoxxooxxxoxoxoxoooxxxooxoxoooxxxoxooooxxox
oooooxxxxxoxxoxxoxoxoxxxooxooxooxooooxooxoxoooxoxo
oxxxoxooooxoxoxxoooooxxoxxoxxxxoxoooxoxoooxoooxoxo
xooxoxoxooooooxxoxooxoooxxxoooxooooxoxoxxxooooxxxo
xoxooxxoxoxooxxxooxxxxxooxxxxoxoooxooooooxxxoxxoxo
xooooxoxxoxxxxooxxoxxxooxxoooxxxooooxoxoooxxooxoxx
ooooxxoooxooooxxxoooxooooxxxxooxooxxxxxxoxoxoxoooo
oxxxooxxooooooxxxooxxoxoxxoxooxxooooooxxooooooooxo
oooxxxooxoxxoooooxoxoooxoooxoxxxxooooxoxxoxooooxxx
oooxoxooxoxoxoooxooxoxoxoxoxxxxooxooxxxxxoxxoooxxx
ooxooxxoooxxoxxxooxoxxxxooooxxxoooooxoxxoxoxooooox
xxxooxooooxoxoxxoooxxxxoooxooxoooooooxxxxxoooxxoox
xoxoooooxooxooxooooooxoooooooxxoxxxooxoooxxoxxxxoo
ooooxxoxxooxooxooxxxoxxoxoxoxooooxxoxoxoxoooxxxoxx
xoxxooxxoooxoxxoxoxoxoooooxxoxooxxxoxooxxoxooxoooo
xoxoxxoxxxxxoxoxxoxoooxxxooooxoxxooxoooooooxoxooxo
oooxxooxooooxxooxoooxooooxooxooxoooooxooxxoxxoxooo
oxxooxoxoxoxoooxxoxoxooxooxoooxxooooooxxoxxoxxxxxx
ooxoooxoooooxooxoxooooxxooxxoxoxooxxoxooooxooooooo
oooxooooxxxoxoxxooxxxxoxxoxoxxxxoooxoooooooxoxoxxx
oooxoxxooxxxoooxooooooxoxooooxxxooooooooxxxoooxxox
xoxoxoxxxoxooxoxxxxooxxooooxooxxooxxxxxxxoxxxoxoxx
xoxoxxxoxoxooooxooxooooxxoxooxxxooxoxxxxooxoooxxxo
oxxxooxoxooxxoxxoxxooxoxoxxxxxoxoxxxoxxooooooxooxx
xooxxxooxooooooxooxoxooxxooxxooxooooooxooxxxxxxoox
xxooxoxxxxxoooxxoooxooxxxoxoxoxxooxoxxoxoxoxxooooo
oxoooxxxoxoxxxooxoxooxooxoxoxoooxxoxxxooxxxooxxxxx
oxooooxoxoxoxoxoooxxoooxoxoooxxooxxooxxxoooxoxoooo
xooxxxxxoxxxxxoooxooooooxxooxooooxoooooooxxxoooxox
xxooxxoxooxoxoxxxxooxxooooxxoxoooxooxxoooooxoooxxx
oxxxooxoxxooxxooxxxoxooxxxoxxxxxoooxooxoooooxxooxx
ooxooxxoooxooooooooxxoxoxoxxxxoooxoxxoxooxxoxxxoxo
oxxooooxoooooxooooxxooxoxoxoxoxooxxoxooooooxoxxoox
xxxooxooooxooxxooxoxxoxoooooooooxoooooxoxooxoooxoo
xxxoooxooxxooxoxoxxooxxxooxxoooooooxxxxoooooxoxoxx
ooooooxoooxoxxxxoxooooxoooxxoxoxxoooooxoxxxooxooox
xooxxxoxoxoxooxooxxooxxooxxooxxxxxxoxxoxxxoxxxxxxo
xooooxxoooooxoxoxoooxoxoooooxoxooxooxxoooxxoxooooo
xooxxoxxoooooxxoxxxoooxoooxooooxxooxxoxooxxxoxxooo
oxxoxoxoooooooxoxxxxoxoxxooooxxxxoxooooxooxxxooxxo
oxooooxoxooxoooxoooxxoooooxxxxoxooxxxxxooxoxoxxoxx
oxoooooxoooxoxoooooxoooxoooxxxxoxxoxxxoooxoooxooxx
xooxooxooxoooooxxoxooxxxoxxxooooxoxooxooxooxxoooox
oxxoxoooxxxoxxoxxoxxxxxoxoxxoooooxoxooxxoxxoxoxxox
oxxxxoxxxxoooxoxxxxooxxoxoxxoxoxxxoxxooxxooxoxxoxo
xxooxxoooxoxxxooxxoxoxxxoxxxoxooxooooxooooooxxoooo
oxooooooxoxoooxxxxooxoxoxxxxxxxoooxxxxoxoooooxxoox
xxxxoooooxoxxooooxxooooxxxoooxxxxxxoxxxxxoxoxooxxx
xoxoxoxoooxxoxooooxoxxooxxxoxxooxoxoxooxxoxxooxooo
oxoxoxoxoooxoooxxoxxooxoooxoooxxoxoxxooxxooxoxooox
xoxxoxoooxoxxoxooooxoooooxxooooxoxxoxxxxooxxxooxox
xooxxooooxoxxoxoxxxoxxxxxoxoxoxoxoooxxoxxxoxxoxxxo
xxxoxoooxoxooxoxoooooxoooxoooxooooxxxoxoxooooxxoox
xxxoxxxooxooxooxoooooxoooxxxxxooxxxxoxxxoooooxxxxx
xxxxxoxoxxxoooooxxoooooxoxoxooxoxoooxxooxxxoxxxoox
xooxooxooxooooxoxxoooxoxxxooooxxxxxxoxxxxxoxooxxxo
xxoooooxoxxxoxxooxoxoxoooxxoooxoooooxoxooooooooooo
xoooooooxxoxxxxoooxooxxoxxoxxxxoxxooxxoxooooooooxo
ooooxxxxoxooxxxxoxoxooxooxxoooooxxxooxoxooxxooooox
ooxoxxxoxxooxxxoxooxooxooxoooooxxxxxoxooxxooxooxxo
oxoooooxxxoxooxxoooooxxoxxooxoxoxxxxoxoooooxxxoxoo
xxooxxxoxxooxxxxoxxxxooooxxooooxoxoxxoxxxxxooxooxo
xxxxoooxxxxxxxooxoxoxxxoxooxooooooxxxoxxxxoxooxoxo
ooxxoxoooooxxxoxxooxooooooxxoxxxxxxxoxxxxxxxxxxooo
xxooxxooxxoxooxxoxxoxooooxxxoxxxxxooxxooxxxxxooxxo
oxxxxxoxxoxooxxxxxooooxxoxoxooxoooooxxxoxxooooxoxx
ooxoxooooooxoxooxxxoxoxxooxxoxoxoooooooxxooxooxoxo
oxxoxoooxoxoxooxoooxooxxoooxooxxxxooxxxoxxxxxxoxoo
xxxxxoxxoxoxxxxooxxooxooxoooxooxooxxooxxoooxoxooxo
xxxxoxxxooxoooooxxoxoxxooxxxoooxxooxxxxxxoxxxooxox
oooxoooxxxxxxxxoxoxxxoxxxooxxxoooooooooxxoxxoxxxoo
ooxxoxoooxooxooxxxooxxxooxxxoxxoxooxoxoxxooxxooxoo
xxxxxoooxooxxoxxoxooxxxxoxxxxxxooxxooxxoooxxoxxooo
ooooxoxoxooxoxoxxxoooxooxooxoxoooxooxxoooooooxxoxx
ooxxooxoooooxxxoxxxoxxooxxxxooooxooxooooxoxxooxoxx
xxooxxooxoxxoooooooooooxoxxoooooooooxxoxxoooxxxoox
oxoooxxoxxoooxxoxoxxxxooxoxxxoooxxooooxoxxxoxoxoxo
xxxoxooxoxooxooooxxoooxoxooxoxxxooxoxxoxoooxxooxxx
ooxooxoooooxxoooxxoxoooxxooooxoooooxxxxxxooooxoxoo
oxooxxxxoxoooxoxxxoxoxoxoxoooxoxxooxxxoooxxxxoxxxx
oxoooooxxxoooooxoxxxooxxooooooooxoxooooxoxxxoooxoo
xxoxxxxoxxoxoxxoxoooooxooxooooxoxoxoxxxxoxxxxxxxxx
xxoooxoooxxxoxoxoooooxooxoxxoxxoxxxxxoxoxoooxoxxox
oxoxxoxxxoxoxoooooxxooooxxoxoxxxxoxxxooxooxxoooxxo
oxoxxoxxxoxxooxoxxooxoooooooooooooxoooxxoxxooooxox
xxxooooxoxxxoxxoooooxoxooooooxoooooxxxoxxxxxooxoox
xooxoxooxoooooxoooxxxoxxooooooooooxooxoxoxxoooxoox
xxoooxxooxooxoxxooooxxxoxoxoxxoxxxxxxoxoxxxooxxxxx
ooxooxooooxxoooxxxxxoxxxoxooxoooooxxxxoooxooooooxo
xoxooxxxoxooxoxoxxoooxxoxxoooxooxxoxoooxxxooooxooo
ooooooxxoxxxooxxxxxoooooooxxooxoooxxoxxoxxxoooxxox
oooooxooooooxoxxoooxoxoxoxoxxxoxooxooxooooooxxoxoo
ooooxoooxoooxoooxxoooooooxoxooooxooooooxooxoxooooo
xoxxoxoxxxooooxxoxooxooxoxoooxxoxxoxooxooooxoxoxox
oxxooooooxoooxooxxxxooxoxoooooxxoooxxxooxooxxoooxx
xxxxxoooxooxoxoxoxoooxoxxxxooooxxoxoxxxxoxooooooox
xxxxooooooxoxxoxoooxoxxoxoxoxoxooxxxxxooxooxxxxxxx
oxoxxxooxooxooooxxooxooooooxxooxxxoxxoooooxoooxoxx
xoxxxooxoooooxooxoooxoxoxxxxxxoxxoxooxoxooooxooxxo
oxxxxooxoxoooxxxxooxoxxxoxoooxxoxooxxoooxxoxxxxxxx
xxxooooooooxoxooxoxoooxoooxxooooooooxxxxooxxxoxxoo
oxooxxoxxooxxoooxxxooxxxooxoooxooooxxoxoooxxoxxoxx
oxxooxoxoxooooxxxxxoooxxxxxoooxoooxxooxoxoxxooxxxo
xoxxoooxoxooxoxxxxxooxxxoxxoxxxoxxoxoxxooxxooxxoxx
oxxoxxooooxoxoxoxoxxxooooooxoxxooooxooxxoooxoxxoxx
oooxxxoooxooooxooxoxooooooooooxoooooooxxxxxoxoooox
oxooxooxxxooxooxoxxoxoxxxxooxoooxoxoxxooxooooxooxx
oooxxxxoxxxoooxxoooxxooxooxoxooxoxoooxoooxoooooxxx
oooxoooxooxooxooxoxxoxxooooxooxoxxxxxxoxxoooxxxxxo
xoxoxoxoxxxooxooooooooxoxxoooxooooooxooxxxoxxxxxox
ooooxooxoooxxxoxxxxxooooxoxxxoxooxxxxooxoxxxoxxxxx
oxoooxxoooooxxxxoxoooxoooooooooooxooooxooxxoxoxxxx
xoxxoxxoxoxoxoooxxoxoxxooxoooxxxoxoooxoooooooooxxo
xooooooxoxxooxxxoxoxoooxxoxoooxooxooxooooxxxxooxoo
oxoxooxxxoxxxoxoxooooxooooxoxooxoxxxoxooxoxoxxoxxx
ooxxooxoxxoxxxooooxxooxoxoxxxxooxxoxooxxoxoooxxxoo
xoxxxoxxooxooooooxooooxooxxoxooooxoooxoxoxxxoooxxx
xxxxxxoooxxooxooxoxxooxoooxxooxxxooxxooxxxoxxxoooo
xxxxxooooxxxooxxoxxoxooxoxooooxoxoxxoxooooooooxoxo
oooxoxooxoxoooxoxxxxoxooooooxooxoxxxxxoxxxoxxoxoox
xooxxooxxooxxoxxooooxxoxxooxxxooooxxoooxoooxxxoxxx
ooxxooxooxxoxxoooxoxooxxxoxoxxoooxxxooxoxooxxxxxxo
xxoooxxxxxoxoxoooxooxxoxooooxoxoxoxoxooxoooooxxoxx
xooxooxooxoxxoxxooxxxooxoxxxooxxooxxxxooxxooxoxxxo
xooooxxoooxxxoxoooxooxoooxxxxxxoxoooxoooxooooxxoxo
xooxxxxoxooxxxooooxxxoxoxoxoooooooooxoooxxxoxxooxx
oxxxoxxoxooxxxoxoxoooxoxxoxoxoxxooxxxxxxoxxoxxxxoo
ooxoxxxxoxoxxxoooxxooxoooxooooxxxooxxxxxxxooxooooo
ooooxooxooxoxxooxoxxxxoxoxxoxxxxoooooxxxooxooxxoox
ooxxxoxxoooxxoxxoxoxooxoooxxooooooooxxxxooooooooxo
oxxooooxxxxxxooxxooxxxoxxxoxoxoxoooxooooooxooxoxxx
oxxxoxxoooooxxxxxoxooxoxxxoxxooxooxxxxooxxxxoxxoxx
oxoxxooxxxoxooxoxxoxxxooxooxoooxoxxoooxxoxooxxxoxo
ooxoxooxxxoooxooxxxxooxoooooxooxxoxooxoooxoooxoxoo
xxooxxoxoooxoooooxoxoxxoxxxoxoooxooooxxxoxoxxxoooo
oooxxoooxxoooxxxoxxxxxoxooxxoooooxoxxooooooooxoxox
oxoxxoxooxoooxooooxoooxxoxxooxxxxxoooxoxxxooxxxooo
oooxxxoooxxoxxooooxxoooxxxooxoxooxoooxxxxooooxxxoo
xoooxoxoxoxooxooxoooxooxoxoxxoxxxoxoxooxxxooxxxoxx
xxoxxxoooxxooxooxoxoooxxxoooxxoxooooxooxoxooxooooo
xoxoxxoxxxoxxxoxxxoxooxoxoxooxoooooxooxxxxxooooooo
xxoxoxxxooooxxooxooooxxxxxoxoxxoxoxoxoxxoxoxxooxoo
oooooxooxxxxooxoxxxoooxoxxoxxoooxoxxooooxoxxxooxoo
xxoxxxxxoxxxxoxoxoxxoxoooxooooooxoooooooooxoooooxx
xxxxoxxoxxooxxxoxoooooxxxooooooxxxooooxxooxoxxoxox
oxoxxxxoxoxxooooxxxoxoxoooxoxxxoxxxooooxoxoooxoxoo
xoooxxoxxooxoxoxooxooooxooxoxxxxoxxxoxoxoxoooooooo
xoooxooxxxxooxooxxoooxxoxoxoxxoxooxoooxxoxxxooxxxo
ooooooxxoooxoooxxoxooxxooxxxoooxoooooxxxxooooxoxxo
ooxoxxxxooooooxxoxooxxoxooooxxooxxoxxooxxoxxoxoxoo
ooxoxoooxxoxxooxoooxxooooxxxxoxxoooooxxxxoxxxoxxoo
oxoooooxxooxoxxxooxoxxoxoxxxoxxoxxooxxxoooooxxoxoo
xxxoxxooxooxxoxxoxoxxoxoxxoxxoxxxxoooooxooxooooxoo
xxooxoxoxxxxoooxoxxxxxxoxxooooxxxoooooxooooxooooxo
ooxooooxxxoooooxxoxoxxoxoxoxooxoooxooxxxxoxxoooxxo
oxxoooxxxxooooxoxoxooxooooooxoxooxooxoooxxxxooxooo
xoxoxxooxoxxooxxoooxooxxooooooooooxoxxooxxxoxooxxo
oxxxoxoxxoooxoxxoxxooooxooxoxoooooooxxxxxoooxxooxo
oxoxoxoxooxoxooxooxxoooxooxoxxoooxoxooxxooooooxxxo
oooxoxoxooooxoxxooxxxooooooxxoxoooxoxxooxxooooxxxo
xoxooxxxooooxoxxxoooooxoxxxooxooooxxxxooxoxoooxoox
xoxxoxoxoxxxoxxxoooxxoxoxoooxxooxoxooxxxxxoxooooxo
oxxxoxoxxoooooxooooooxxoooooxxooxxoooxoxxoxooxooox
xooooxoxoooxoxoxooxooxoxxoxooxxxoxooxxooooooxxxoox
xxxxxxxooooxooxoxxxxoooooooxxxxoxxxoxoooooooooxxoo
oxoxxxoxoxoxxxoooxooxoooxoooxxoooooxooxxoxxxxooxxo
ooxxxoxxxxoxxoxxoxooxooxxoooooxoxoooxoxxxoxxxxoxxx
xoxxooxoxoxxxooxoooxxxoxxxxxoxooooxxxxoxoxoxxxxooo
oxxxxoxoxxoxxxoooxxoooxoooooooooxxxoxooooxxoxooooo
xxxxxxoooxxoxxoooxoxxooxoxoxooxxoxoxoooooooxxxxxxx
oxxoxoxoxoooxooooxxxxxooxooxxoooooxooooxxxoxoooxxo
ooxoxxoooooooxoxxooxxxoxooooxxoooxxoxxoxxooxoxxoox
xxoxxxxooxxxoxooooxooooxxooxooxxxoxoooxxxoooxxxooo
xooxoooooooxxoxxxxooxxooxoxoxxoooxooooxooxxxxooxoo
oxooxxxooooxoxoxxoxxooxoxxxxxoxoooooxoxxxoxxoxoxox
ooxxooxooxxooxxxooxooxxooxxxoxooxxxooooxoxooxxooxo
ooxoxxooxxxoooooxooooxxoooxooxxxxoxoxxxoxxxxxoxooo
oxxxxoxxxxooooxooxxoxooooxxooxooxoxxooooxoooxooxoo
xoxoxxooxxooooooooooxxxxoxxxoooxxxoooxoxxooooxoxoo
oxoooxxoxxxooxxoxoooooxooxxooooxxoxoxooxooxoxxooox
oxxooooxoxoxoooxoxoxxxoxoxoxoooxoxoooooxxoxoxxooox
oooooxooooooooxxxooooxooxxoooxxxxxxoooxoooxoooxxxo
xooooooxooooooooxoooxxxxxooxoxxooxooooxxxooxxxxooo
xooxoxxooooxooxxooxoxoxxxxxxxxxxxoxxxoxooxoooxooxx
xxxoxxxoxxxxoooxxxoxooxxxxxooooooxoxxoxxoxxxoxooox
xxxxooxooooxooooooooxxxooxxxoxxxxoooxoxoooxxxoooxo
ooooxoxxxxxxoxooooxoxoxoooxxoooxoxoxxooooxoxooxxoo
oooooooxxooxoooxxxooxxoooxxoooxxooxooooxooxoxxxxxx
oxooxoxooxxxxxxoxooxxooxoxxoooooxxooooxoooxoxoxooo
xoooxoxoxooxoxoxxoooxooxooooooxoxoxoxoxooxxxooxxoo
oooooxoooxoxxoooxxoooxooooooooxoxooxxxoxoxoooooxxx
xoxooxoooxxxoooxoxooooxxoxxxoxxooxooooxxoooooooxxo
xoxoxxxxxoxxoooooxxxxoxxoooooxooxxooxoxooxxxxxxooo
oooxoxoxxxooxxoxxxoooxoxxxoxoxxooxooxxoooxxoooxoxx
xoxxxoxooooxxxoxxoooxoooxoxxoxxoxxxxooxxxooxoxxoox
xoxoxxoxxxxxxooxxxoxxxooooxoooxxoxxoxooxxxoxoxxxox
xxoxooxooooooxoooooxxoxxxooxoxxoxooxxoooxxoooxxxox
oooxoxoxooxoxoxxooxoooooxxoxoxooxooooxoxxoooxoxoxx
ooooxxooxxxoooxoxooooxxooxoxoxooooxxxoxxoooxxoxxxx
xxoxooooxxoxxxxoooooooooooxxxxxxxooooooooooxxxxoox
xooxxxxxxxoooxoxooxoooooooxooooxoxooxxxxoxoxxoxoxo
ooxxxoxxxxxxxxxxoxxoooooooxoxoxooxxooxoxoxooooxooo
xoooxoxoooooooooooxxxoxoxxxoxxooooxoxxooxxxoxxoxoo
xxxooxxxxoxxoxooxxxxooxooooooxxoxoxxooxoxooxxxoxox
xxoooxooxxooxoxxoooooxoooxoooxooxoxxxxooxoxoxooxxx
oxoxooxxxooxoxoooxoxoxxxxxxxooooxooooxoooooxxoooox
oxxoxxxoxxoxoooxooxxxoooxooxoxoxoxooxxxxxoooxxooox
ooxxoxoxxxxxxxxoxooxoooooxooxoxxxoxoxooxooxxoooxoo
ooxxxxxxxxoooooooooxxxooxxxxxoxoxooooooooxoooooxxx
oxoxoxooxoooxxxxooooxxxoooxxooxxoooooooxxoxooooxxx
xxooxooxoxoooooooxoxooooooooxxxoxooooxxooxooxoxxxo
oooooxoxoxxoooxxxxxooxxoxxxoooxooooxooxxxxooooooxo
oooxxxxoooxooooooooxooooooooxoxxxoxxxxxoxoxxoxoxxo
oxxooxxxxxxxxxxxoxxoooxxooxxoxoxxxxoxxoooxxxxooxox
xooooxxoxxxooooxooxxxoxoxooooxxoxxxxooxooooxxxoooo
oxooooxxoooxxoxoxoooxxooxoxxxxxoxooxxooxxooooooooo
oxxxxxoxoxxxxoxooxxxxoooxxxooxoooxxooxxooooxxoxxxx
oxoxxoxoxxxxoooxxooxxxxxoxoooxxoooxxxoxxxooxxxooxo
ooxxxooxooxxoooxoxooxoxooooxxoooooxxoxxxxxxxoxooox
xoxoxooxxxxooooxoooxxxxxxxoxoxxoxxxoxoxxooxoxooxxo
xxxxxoxooxxxxoxxooxooxxxxoxxoxxxoooooxxxoxxoxxoooo
oxxxxoooxxooxxooooxxxxoooxooxooxoooxoxxoxoooxxooxo
ooxooooxooxxxxxoxooxoooxxxxxooxxxooxoooxoxxxxooooo
ooooxxxooxxooooxxxoxoooooxxoooxxxxxxoooxoxoxxxxxxx
ooxoxoxxxooooxxoxxoxxxooxxoxoxxxoooxoxooxxxooooxoo
ooxooooxooxoxoooxxxxoooxoxxxxoxooooxxooxooxxoxxoox
oxoxoxxxxxoooxoxoxxooooooxooxooxxoooooxxxoxxooxooo
xoxxxxoxxoxooooooxxxoxxoxoxooxooxoxxxxoxoooooxxxxx
oxxxoxoooxoooxxxxoooooxoooooxoxoxooxooooxoxxooxxox
xoxoxxooxoxxxxoxoooooooooxoxoooxoxxoooxoxooooxoxox
xxoooooxooooxxoxooxoxoxoxxxoooooxxxooxxoxxxooxoxox
xooxoooxoxoxoxoxoooooxoooxoxxoooooxoxooxoooxooooxx
xxoxoxooxoxxoxoooooooooooxoooooxooooooxoxxoxxoooox
oxxoxooxooxxxxxooxxxxxxoxxooxoxoxxxxoxooxoxxxoxoox
oxoxoxxooxooxxoxoooooooxooxoxoxxxxoxxxoxxooooxoxxo
oxxoooxoooxooooxoxxoxoxoxxoxxooxoooxoooxoxxxxxxoxo
xxoooxoxoxooxooooxoooxxxxxxoxxxoooxxooooxxoxoxxoox
xxxoxooxoxxoooxoxoxoxoooxxxoxoxooxxxooxoxoxoxoooxo
xoxxxoooxoooooooxxoxxxooxxxoxxxxooxoxoxoooooxxxxox
xooooxoxoxooooooxxxxoxxooxooxxooooxooxxxoxxoooxoxo
oxxooxooooooxxxooxooxxxxxooxxooooxxoxxoxoooxoooxxo
xxxxoxooooxoxooxooxoxoxoxxoxxxxoxoxoxooxxxoxoooxxo
xxxxxoooooxxooxxoooxoxxxoxxooooxooooxxxooxoxxxooxx
oooooooxxoxxxooxxxoxoooxoooxoxxxxxxooxoooooooxxoxo
ooxoooooxxooxxoxxxoxxooooxxooxxoxooxoxxoxooxooxxxx
oxoxxoooxxxxxooxooxxxxxxxxoxxoooxoxxooxxxooxxxxoox
oxoxxoooooxoooxoxxxoxxxoooxxoxoxxxxooooxxoooooooxx
xxoooxoxxxoxoxxxxxxooxxoxoooxxoxxxxxxxxxoooxxoxxxo
oxoooooxoooooxxoooxoxoxoxoooxoxoxxxoxooxxoooxoooox
oxxxxoxooooxooxoxoooxoooooxxooooooxxxoxoxxxoooxxoo
oxooxxoooxoxxxoxxxxxooooxoxxxxxoxoooxoooxxoxooxooo
xooooooooxxoxxxoxxoxxooxooxooxxxoxooxooxxooooxooxo
oooooooooxoxoooxxoooxoxooooxoxxoooxoxooxoxooooxooo
oxooxoooxxoooxxxxooxooooooooooxooxoxoxoxxxxooxxxxx
xxoxoxxoxxoooooooxxoxxoooooxxxooooxoooxxoxxxxxooox
ooooxoxoxooooxoxoooxooxxxoxoxooxxxxoooxoxooxxxoooo
xxxoxxoooxoooooxoxxxooooxooxxxoxoxooxxxxxxoxoxoxoo
oxoooxooxooxxxxooooxoooxxooooxxoxxxxxooxxxxoxooxxx
oxxoooxxoooooxoooooooxxooooxxxxoxxxxxoxooxoxooxoxo
oxoxxoxooooxoxxxxoooxxoxoxoxooooxooxooooxoxoxoxxox
xxoooooxxooooooooooxoxxxoxxooxooooxxxooxoxxxxooxoo
xxooxxxxxxxoxxooxoxxxxxxxxoxxoxxooxoxxxoooxoxooxoo
oxxoxoooxoooxoxooooxxxooxooxoooxxoooxxxxxxxoxoxxxo
ooxoxxooxooooxoooooxxoxoxoxoxoxoxooxxoxxooxoooxxox
ooxxxoooxxxxoxxxooxxxooxxxxxoxxxxooxoxooooxxxoxxox
xoxoooxooxooooxxoxoxxxoxxoxxoooxooxoxoooxoxoxoxoox
oxooxxoooooxxoxxxxoooxxoxxxooooxxoooxxxxxoooxooooo
xoooooxxooxooxxoooooxoxooxoxxooxooxooxooxxxoooxoxx
ooooxoooooxxoxxxoxxooxxooooxxxxoxooooooxoxxxxxxxxo
oxoxoxxoooxooxxooooxoooooxxoxxxoxoooxoxxoxxxoxxoxx
oxooxoxoxooxxoxooooooooxxxxoooxxoxoxoxooxoxooxxxxo
xooxooxoxoxooxxxxoxoooxxoxxoooooooooxooooxxxxooxoo
ooxoxxxooxoxxxxoxxoxooooooooooxoooxxxoxoxxooxxxoxx
xoooxooxxooxoxooxoxoxxoxooooxoooooooooxooxoxoxoxox
oooxxooxoxxxoxxxxxoooxoooooooxoxxxoooxxxxxxxxoooxo
ooxoxoooxxxoooxxxxxxoxxxooxxxxxooxooooxxoxxoooxoxo
xxoooxooxxxooxooooooxooooxoxxxxxxooxoooooxxoxoooxo
xxoxxoxxxxxooxxoooxoxxooxxoxoxooxxooxoxoxoxooxooox
oxxoooooxoxoooooxxxoooooxoooxoxoxxxxxxooxoxoxoxooo
oooxxooxoooxoxxoxoxoxoxxoxxoxooxoxxoxoxxoxoooxxooo
oxoxxxxooxxxoooooxxxxoxooooooxooxxooxooooooxoooooo
oooxxoxoxoxxoxxooxxoxxoxoooxxxooooxooxooxxxoxooooo
xoooooxooxoooxxoooxxxoxoxoxxooxooxoxxooxooxooxoxoo
ooxoooxxoxoooxoxoooxxooxoooooxoxxxxoxxoxoxoxxoooxx
oooxxooxooooxxoxooxoxoxoooxooxoooooooxoooxxooxooox
oxxoxoxoooooxxxxoxooxoxoxxxoxoxxxoxoxxoxxxoxooxooo
ooooxoooxxxoxooxxooxxxxxoxxxoxxooxoxxoooooxoooxxox
oxoxoxxoxxooooooxoxoooooxxxxxxxxoxooooxoxxoxoooxox
xxxxxxoxoooxxooxooooxxxxooxoxxooxxxxxoxooxxxoooooo
oooooxoooooooooooxooooxxoxooooxxoxxoxxoxooxooxxooo
xxoooooxooooxxooooxoxoxoxooxxooxxoooxxxoxxoxxoxxxx
xxoooooxooooxoxxoooxooooooooxxoxooxxoxoooxooxoxoxx
oooxoxooxxxxooooxoxooxxooooxoooooxooxxoxxxxxoxxoox
xoxxxxxooooooxxoxooxoooxxxxoxooxxoooxoooooxxoxoxxo
oxoxoxxoxxoxooooxxxxxooxooooxoxxxoxxooxoxxxoooxxxx
oxxooxoxooooooooxxxoxooooooxoxoooxxoooooxxxxoooxox
ooxxoxxooxooooxoxooxoxxooooxxoxoooooooooxoxoooooxo
oxxxxxxoxxxoxoxooxooxoooxoxooooxxoxoxxoxxxoxoxxoxo
oooxxxxxoooooxoooxxoxxoxxxxxxoxooooxxooooxxxoooooo
xooooxxxxooxoxoxxxxoxoooxooxoooxoxoxxxxxooxoxooxoo
xoxoxooxxxxoxxxxooxxoxooxoxooooxoxoxooxxxoxoxxxoxo
xoxoooxxxooxooooxooxoooooxxoxoxoxooxoxoxoxoxxxxxox
xxoxxxoxoxooxxxoxxxxoxoxxoxxxoxxoxxoooxxoxoxooxooo
ooooxxooxoxooxxooxoxooxxooooxooooxxoxooxxoxxxoxoox
oxxoxoxoooxxoooxxxoxxxxooxooooooxooxooxxoxoooxoooo
ooooxoxoxxxoxxxxoxoooxooxoxoooxxxoooooxxxoxoxoxxxo
xxoooxoxoxoxxooxxoxooxooxxoxoxxoxxoxxxooxooooooxox
oxoooooxxoxxooxooxxxxooooxoxooxxooxoxoooxxooxoooox
ooxooxoxooxxxoxooxoxxxxoxoxxoxoxooxxoxoooooooxoxxo
oooooxooooxxooxooxooooxoxoxxxoooooxoxxxooxxxooxoxx
xxxoooooooxoxxxoxooxxooxxoxoooxooxoxxxxxooooxxxoxx
ooxxoooooxxoxxxxxxxooooxoxxxxxoooooxxooxxxoooxooxo
xxxoxxxxoooxooooooxxoooxoxxoxxoxoooxxoooxooxxooxxx
ooxxooxxxxxxxxxxxxoxoxxxxxxxooooxoxoxxxoxxooxooxox
xoxxoooooooooooxxooooxoooxoxxxxxoxooxoooooooxooooo
xxoxxxxoxxxxxxxooxxoxoxoooxxxxoxxoxoxxxoxoooooxoxo
xoxooxooxooooxxxooooxoxooooxxxxxoxxxxoxxxxoxxooxox
xxoxoxoooxxxoxxxooooxxoxoxoooxoxoxoxoxxxoxxxxoxxox
oxoooxooooooxooxooooooooooxxxxxxoooooxxxxxoxooxooo
xxoxxxooxxxoxooooooxooooooooxoxxxxoxxoooooxooxoxxo
ooxxxooxoxxoooooxoxoxoxoooxooxoxxxxoxoooxoxoooxoox
ooxxxxoooxoxoxxooxoxoxoooooxoxooxoxxoxooxoxxoxxxxo
oxooxooxooooooooxoooxxxxxxooooxxxxooxxxoooxoxoxooo
xoooxooooxxxoxxxooxxxooxooxooxxxxxxooooxxooxxxooox
xoooooxoxxxoxxooxxxxoooxxoooxxoxoooxoxxxxoooooooxo
ooxooooxxxxxooxooxooxxxoooxoxxxooxooxoxxxoxxxxooxx
ooxooooooooxooxxoxoxxoooxxxoxxoxoxxoooxoxxxoooxoxo
xoooooxxxooxoxxoxxooooxoxooooxxxoooxoxxooxoxxoxxxx
xooxxoooxxxoxoxooooxoxoxxxoxooxooxxooxoxxxxxxxxoxx
ooxoxoxooxxoxxoxoxxoxxoxooooxooxoxxoooxoxoxoxxxxxo
xxxxoxoxxoxoooooooxoxxxxooxoooxxoxoxoxxoxoxxxxxoox
oxooxxoxooxxxoooxxoxxoxooxoxoxoxxxxxxxoxxoooxooxoo
oxxxoooxooxooxooxxxxooxoooxxoxoooxxoooxooxooxxxoxo
ooxooxxoxxoooooxxxoxxooxxooxooxoxxxxoxxxoxooooxoxx
oxooxxooxxxxoxoxxoxxxxoxoooxxoxxxxoxxoxxxxxooooxoo
oooxxxooxxxoxxoooooxxooxxxoooxxooxxxoooxoxxooooxoo
oxxoxoxooxoxxooxooxxxxxoooooooooooxoooxxxxoxxxxoox
ooxxoxoxxxxxxxxxxxoooxoooxxooxoxxxoxxoxoooooxooooo
oxooxoooxxooooxooooxoxxooooxoooxoooooxxxxoxoxxoxxo
ooooooooxxxxoooxooooxooxxxoxooxoxoxxxxooxoxoxooxox
ooxooooooxxxxxoxxooooooxoxoxooooxxxxxooooxoxooxoox
oxxxoxoxxoooxooooooxxxoooxooxooooooxooooooooooxxxo
xxxoxxxoxoooxxoooooooxooxxooxoxooxooooooxoxxxxxxoo
xoxxxxxooxxoooxoxxxooooxoooxoxxoxxxoxxxxxxoxoxxooo
ooxxooxoxoxoxxoxooxxoooxoooxxxxxoxoxoxoxoxooxoxoxx
xoxxooxoxoxooxooxooxooxoxoooxoxoooxoooooxoooxxoooo
xooxxoxooxooxxooxxoxoooxooooxxxxoxoooxooooxxooxoxx
ooooxxxxxxooxoooxoooxoxoxxooxooxxoxoxxxxxxoxxxoxox
xoooxxooooxooxoooxxoxxooooxooxxxxoxxxxxxxxoxooxoox
xxoxxooxooooxxooxoxxooxoooooooxooxxoooxxoxooxxoxox
ooooxoooxoooooxoxooooxxoxooxoxxooxxoooxxoxoxxxxxoo
ooxoooooxooxxxxooxooooooooxoxxoxxoxxoxxxxxxxxoxxoo
xoxxoxooxxxoooxxoooxxxxooooxoxooxxooooxxoxxxxxooxo
xxoxooxxoxooxxooooooxxoxoxoxooxxoxoxoooxoxooxxxooo
xoooooxxxoxoxoxooxxxxxoxooxoooxoxoxxoxoxooxoxooxox
oxxxxxxxxooxooxooooxxxxoooooxxxxxxxoooxooxoxxoxxxo
oooxooxoxoxooxoxxxxooxooxxoxoxooxoooxoooxxoxoxoooo
oooooxoxxxoooxxooooxxooxoxxxxxoooxxooooxoxooooooox
ooxoxxoooooxoxoxooxoxoxxoxxoxoxxxxxxxoooxoxoxooxoo
oooxxoxxooooooooxoxoooooxooxxxoxxoxooxxoxxoxooxxoo
xooxoxxxooxoxxxxoxxxooxoooxoxooxxxoxoxooooooooooox
oxooxxoooooxxxoxoxxxooxoooxooxoooxxxoxxxxoxoxxxoox
xoxoxxxoxxoooxxooxoxoooxxxoooooxxoooxxxooxxxoxxxoo
oxxxxoxxoooooooooxxooxoxxoxooxxxoxxxoxxoxxoxxxoxoo
oooxoxoxxxoxooxooooooxxooxoxooxxoxoxoooooxooxxoooo
oxoxxooxoxxxxoxoxxxxxoooxxxxoxoxoooxxoxooxoooxooox
oooxooxooooooooxooxxoxoxoxxooooxxoxooxxxxoxxooxxxo
xooxxoxxoooooxoxxxoxooxooxoooxooxxooxoxxooxoxxxoxx
oooooxoxoxxoxooxxooxxxoxooxoxxxoooxxxooooooooxoxox
xxxxoooxoxoxoxxoooxooxooxoxxxooooxxoooooooxxoxxxox
oooxoooooooxoooooxxoooooxooxoxxxxoxooxxxxxooxxoxoo
xxxxoxoxooooxoxooxxoooxooxoxooxoxooooxxoooooxxooxo
xxxooooooooooxxoxxxxoxooxxoxoooooxxxooxxoooxxoxxox
xoooxoxxxoooooxxoxxxoxxxoxoxoxxxxxxooxxoxxoxxooxoo
xoxooxoxooooxxoxoxoooxxoooxxoooxooooooxxxxxxoxxxxo
oxxxxxoxxoxoxoooxooxoxxxxxxooooxoxoxoooxoxxxooxooo
oooxxooooxxxoxxoxooxxxoxooooooxxoxoxxxoxxooooxxoox
ooxxoxxoooxooxxxxoxooooxooooooooxoooxxxoxxxxoxooox
oxoxoooxxoxooxxxoooxoxxxxxooxoxooxxooxxoooxxxoxxxo
xxxxxoooooxoxoxoooooxooxxoxxxoxxoxxxoxxxoooxooxoxo
oxoxxxxoxoxooxxxoooxxoxooooxoxoxxooxxxooxooxxxxxxo
ooxoxxoooxxoxoooooooooxooooxooooxxxxoxoxxxooxoxxoo
oooooxxxxxxxxxxoxoxoxooooooooooxoxxxoxxooooooxxoxx
xxoxoxoxxoooxooooxooooxoxoxoooxooooxoxxxxooooooooo
ooooxxooxooxxxxxoooooooooxoxooxxoxoxxxxooxoxxxoxox
ooooxooxxooxxoooxoxoooxoxooooxoooxooooooxoxooxooox
oxxoxoxxoxxooxoxoxxoooooooooxxoooxxxxooxxoxxooxxoo
xxxooxxxxxooxxoxooxoooxooooooxxxooooooxxoxoxooooxx
ooxxooooxxoooxooxooxxxoxxxxxxooooooxoxoxoxoxxoxxxo
ooooxooxxoxxxooooooooxxoxooooxooxoooooxxxoxooooooo
oxooxoxoooxxxooxxxoxoxxxxxxxxoooxxoxoxoooooxxoxooo
xoxxxoooxxoooooxxoooooxooxooxxxoxxxooooooooxooxoox
xooxxxooooooooooooxoxxxxooooxooxooxoxxxooooxxxxoxo
xoxxooxoooxoxxooxxxoxxxooxxoxooooxxoxxoxxxooooxoox
xxxxoxooxxoxoooooxoooxooxooooxxoxoooxxooooxoooxoxo
xxxooxoooooxxoxoooooxxxooooxooooooxoooxxxxxooxxoxx
ooxoooxooxooxoxxoooxxxxxoxxoxooxoxoxxxxxoxooxxoxxo
ooxxoooxxooxxoxxxxooxoxxxxxxooxooxxxoooxoooooxxxxx
xxxxoxooooxoxoxoxxxxxoxxoooxooxooooooxxoxxoooxooxx
ooxxxxooxoxoooxxoxxooxxoxoxoooooxxxxoxxooxxooxxxxo
ooxoxooxxoxoxxooxxoxoxoooooooooooooooooooooooooooo
oooooooooooooooooooooooooooooooooooooooooooooooooo
oooooooooooooooooooooooooooooooooooooooooooooooooo
oooooooooooooooooooooooooooooooooooooooooooooooooo
oooooooooooooooooooooooooooooooooooooooooooooooooo
oooooooooooooooooooooooooooooooooooooooooooooooooo
oooooooooooooooooooooooooooooooooooooooooooooooooo
oooooooooooooooooooooooooooooooooooooooooooooooooo
oooooooooooooooooooooooooooooooooooooooooooooooooo
oooooooooooooooooooooooooooooooooooooooooooooooooo
oooooooooooooooooooooooooooooooooooooooooooooooooo
oooooooooooooooooooooooooooooooooooooooooooooooooo
oooooooooooooooooooooooooooooooooooooooooooooooooo
oooooooooooooooooooooooooooooooooooooooooooooooooo
oooooooooooooooooooooooooooooooooooooooooooooooooo
oooooooooooooooooooooooooooooooooooooooooooooooooo
oooooooooooooooooooooooooooooooooooooooooooooooooo
oooooooooooooooooooooooooooooooooooooooooooooooooo
oooooooooooooooooooooooooooooooooooooooooooooooooo
oooooooooooooooooooooooooooooooooooooooooooooooooo
oooooooooooooooooooooooooooooooooooooooooooooooooo
oooooooooooooooooooooooooooooooooooooooooooooooooo
oooooooooooooooooooooooooooooooooooooooooooooooooo
oooooooooooooooooooooooooooooooooooooooooooooooooo
oooooooooooooooooooooooooooooooooooooooooooooooooo
ooooooo
Array list ---
xxxxxxxxxxxxxxxxxxxxxxxxxxxxxxxxxxxxxxxxxxxxxxxxxx
xxxxxxxxxxxxxxxxxxxxxxxxxxxxxxxxxxxxxxxxxxxxxxxxxx
xxxxxxxxxxxxxxxxxxxxxxxxxxxxxxxxxxxxxxxxxxxxxxxxxx
xxxxxxxxxxxxxxxxxxxxxxxxxxxxxxxxxxxxxxxxxxxxxxxxxx
xxxxxxxxxxxxxxxxxxxxxxxxxxxxxxxxxxxxxxxxxxxxxxxxxx
xxxxxxxxxxxxxxxxxxxxxxxxxxxxxxxxxxxxxxxxxxxxxxxxxx
xxxxxxxxxxxxxxxxxxxxxxxxxxxxxxxxxxxxxxxxxxxxxxxxxx
xxxxxxxxxxxxxxxxxxxxxxxxxxxxxxxxxxxxxxxxxxxxxxxxxx
xxxxxxxxxxxxxxxxxxxxxxxxxxxxxxxxoxxxxxxxxxxxxxxxxx
xxxxxxxoooxxxoxoxxoxooxxxooxooxxoxxxxxxxxxooxoxxox
xxoxxxoxooxxxxxxxxxoooxxxoxxooxxoxxoxooxxoxxxooxox
xxoooxoxooxoxooxxoxxxxxoooxxxooxooooxooxxooxxxxoxo
xoxxxoxxoxxooxooxooxxxxxoxoooxxxxoxoxoxoxxoxoxxxxx
xxxoxxxooxoooxoxoxxxxxoooooxxoxoxxoxxxoxxoooxoxxox
xxooxoxoxxooxoxxxxooxxoxxooooooooxoxxxxxxxoooxoxxo
ooxoxxxxoxxxxoooxoxxxoooxxoxoxoxxxoxxoxxoooooxxoxx
ooooxxoxxxxoooxxxxxxoxoxxxxoxxxxooxoxxxxoooxxxxxxx
xxoxooooxxoxoxoxxooxoooooooxooooxxxoooooooxxxooxoo
xoooooooxxooooooxoooxooooooxooooxxxoxxoooxooxxxxox
oooxxooxxoooxxoooxoxxoxxooxoxooxoxoxxxoxxooxxoxxxx
xoxoxooxoooooxxooooooxoooxooxoooxxxxoooxoxooxooxoo
ooxxooooxxxooooxxooooxxooooxxoooooxoxoxoooxoxooxxo
oooxoooxoxxxxooxoooxxoooxxooooxoxooooxoxoxoooxxxoo
ooooooxoooxoxoxoxoooxoooxxxoooooooxxxooooxxxxoooxx
xxxxoooxooxooxxxoooooxoxooxxoxoooxoooooxooooxxooxo
xxxxooxxoxooooxoxooxoooxoxooxooxxooooooooxoooooooo
xoxooooxoxoxooxoxxoxoxxooooooxxxoxooooooooxoooooox
ooxxxoxoooooxxoxoxooxoooooxxoxxoxooxooxoooxxooooxo
ooxxooxxooooxooooxoxoooooxooxoxxoxooxoxoooxoxxooox
oooooxxoxooxooxxoooxoxoooxxxxoooxoxxooxoooxxoxxooo
oxoooooxoxoxooooooooxooxoxoxxxooxoxooxoooxoooooxxo
ooxoxooxxxoooooxxoxooooooooxxoooooxooxoooooxoooxox
xoxxooxooooooooxooooxoxooxooxoxxoooooooooxxooooooo
oxooxoooxooooxxoxxxoxooxoxoooxoooooxoxoxoxxooooooo
oxxoxxxoooxoxoooxxoxxoxxoxooxoxxxxoooxoxxxooooxoox
xxxoxoxooooxxoxoxxxooooxxxxoooooxooooxooooxoooxooo
xxoooooxooooxxoooxooooxxoxooxxoooxooxxoooooxooooxo
ooooxxoooooxxxxxxxoooxxxooxxxxxxxxxoxoxooxooooooxx
xxoxoxxooxxooxooxooxxxxoxxooxxooxoxxxoooxoxxoxooox
oooxooooxoooooxoooxoooooooxxoxxoxxxxoooxxxooxxoxxo
ooooooooxooxooooxoxooxoooxooooxooooxoxxooxooooxoxo
oxoxooxxooooooxooooooooxooooxoxoooooxxxooxooooxoox
xoooxoooxxooxooooooxxxxooxxoxooooooooxoxxoxooxxxxo
xxxxxoooxxoxxxoooxoxxoxooooxooxxoooxoxoxoxooxooxxo
ooxxoooxoooooxxoxxoxooxoxxxooxooxoxooxoxxxxooxooxo
xxooooxooxxxxoxxoooooooxooxoooxoxoxoooooxoooxoxxxx
ooxxxooxxxxoxoxxoxxoooxxoxxxoooooooooxooxxoxoxoxxo
xxxoooooxxxooooxxoooooxooooxooooxxooooooxoooxxooox
xxoxoxxxxxoooooxxooxoxoooooxooxoooxxooxooooooxoxoo
oxxxooooxoxoxxxooxoxxxoxxoxoxxooxoooooooooxxoooxxo
ooxooooxxxoxxoxooxooxooooooxxooooxxoooxoxooxoxxxxo
ooxxooooxxxooooxxoxooooooooxxxoooxoooxoooxo

mtest> q -f



###########
#   do5   #
###########
mtest> mtr 100000

mtest> mtnew 10

mtest> mtnew 5 -a 512

mtest> mtp
=========================================
=              Memory Manager           =
=========================================
* Block size            : 100000 Bytes
* Number of blocks      : 3
* Free mem in last block: 56984
* Recycle list          : 
[155] = 1         [166] = 1         
=========================================
=             class MemTest             =
=========================================
Object list ---
oooooooooo
Array list ---
ooooo

mtest> mtnew 5 -a 1024

mtest> mtp
=========================================
=              Memory Manager           =
=========================================
* Block size            : 100000 Bytes
* Number of blocks      : 8
* Free mem in last block: 13976
* Recycle list          : 
[155] = 1         [166] = 5         [678] = 1         
=========================================
=             class MemTest             =
=========================================
Object list ---
oooooooooo
Array list ---
oooooooooo

mtest> mtnew 5 -a 256

mtest> mtp
=========================================
=              Memory Manager           =
=========================================
* Block size            : 100000 Bytes
* Number of blocks      : 10
* Free mem in last block: 78488
* Recycle list          : 
[155] = 1         [166] = 7         [678] = 1         
=========================================
=             class MemTest             =
=========================================
Object list ---
oooooooooo
Array list ---
ooooooooooooooo

mtest> mtdel -i 3

mtest> mtp
=========================================
=              Memory Manager           =
=========================================
* Block size            : 100000 Bytes
* Number of blocks      : 10
* Free mem in last block: 78488
* Recycle list          : 
[  0] = 1         [155] = 1         [166] = 7         [678] = 1         

=========================================
=             class MemTest             =
=========================================
Object list ---
oooxoooooo
Array list ---
ooooooooooooooo

mtest> mtdel -i 4 -a

mtest> mtp
=========================================
=              Memory Manager           =
=========================================
* Block size            : 100000 Bytes
* Number of blocks      : 10
* Free mem in last block: 78488
* Recycle list          : 
[  0] = 1         [512] = 1         [155] = 1         [166] = 7         
[678] = 1         
=========================================
=             class MemTest             =
=========================================
Object list ---
oooxoooooo
Array list ---
ooooxoooooooooo

mtest> mtdel -i 8 -a

mtest> mtp
=========================================
=              Memory Manager           =
=========================================
* Block size            : 100000 Bytes
* Number of blocks      : 10
* Free mem in last block: 78488
* Recycle list          : 
[  0] = 1         [512] = 1         [1024] = 1         [155] = 1         
[166] = 7         [678] = 1         
=========================================
=             class MemTest             =
=========================================
Object list ---
oooxoooooo
Array list ---
ooooxoooxoooooo

mtest> mtdel -i 13 -a

mtest> mtp
=========================================
=              Memory Manager           =
=========================================
* Block size            : 100000 Bytes
* Number of blocks      : 10
* Free mem in last block: 78488
* Recycle list          : 
[  0] = 1         [512] = 1         [1024] = 1         [256] = 1         
[155] = 1         [166] = 7         [678] = 1         
=========================================
=             class MemTest             =
=========================================
Object list ---
oooxoooooo
Array list ---
ooooxoooxooooxo

mtest> mtr 120

mtest> mtp
=========================================
=              Memory Manager           =
=========================================
* Block size            : 120 Bytes
* Number of blocks      : 1
* Free mem in last block: 120
* Recycle list          : 

=========================================
=             class MemTest             =
=========================================
Object list ---

Array list ---


mtest> q -f

